
> notion-lite@0.1.0 build
> prisma generate && next build

node.exe : Loaded Prisma config from prisma.config.ts.
At C:\Program Files\nodejs\npm.ps1:29 char:3
+   & $NODE_EXE $NPM_CLI_JS $args
+   ~~~~~~~~~~~~~~~~~~~~~~~~~~~~~
    + CategoryInfo          : NotSpecified: (Loaded Prisma c...isma.config.ts. 
   :String) [], RemoteException
    + FullyQualifiedErrorId : NativeCommandError
 

Prisma schema loaded from prisma\schema.prisma.

Γ£ö Generated Prisma Client (7.8.0) to .\src\generated\prisma in 462ms

Γû▓ Next.js 16.2.9 (Turbopack)
- Environments: .env


> Build error occurred
Error: Both middleware file "./src\src\middleware.ts" and proxy file 
"./src\src\proxy.ts" are detected. Please use "./src\src\proxy.ts" only. Learn 
more: https://nextjs.org/docs/messages/middleware-to-proxy
    at ignore-listed frames
